// Jest Snapshot v1, https://goo.gl/fbAQLP

exports[`Format apex: ClassDeclarationWithBlockComment.cls: ClassDeclarationWithBlockComment.cls 1`] = `
class ClassDeclarationWithBlockComment {
}
/* Test comment */
~~~~~~~~~~~~~~~~~~~~~~~~~~~~~~~~~~~~~~~~~~~~~~~~~~~~~~~~~~~~~~~~~~~~~~~~~~~~~~~~
class ClassDeclarationWithBlockComment {
}
/* Test comment */
`;

exports[`Format apex: ClassDeclarationWithInlineComment.cls: ClassDeclarationWithInlineComment.cls 1`] = `
class ClassDeclarationWithInlineComment {
}
// Test comment
~~~~~~~~~~~~~~~~~~~~~~~~~~~~~~~~~~~~~~~~~~~~~~~~~~~~~~~~~~~~~~~~~~~~~~~~~~~~~~~~
class ClassDeclarationWithInlineComment {
}
// Test comment
`;

exports[`Format apex: ClassDeclarationWithMixedComments.cls: ClassDeclarationWithMixedComments.cls 1`] = `
class ClassDeclarationWithMixedComments {
} // Trailing Comment
/* Block comment 1 */
// Another Trailing Comment
~~~~~~~~~~~~~~~~~~~~~~~~~~~~~~~~~~~~~~~~~~~~~~~~~~~~~~~~~~~~~~~~~~~~~~~~~~~~~~~~
class ClassDeclarationWithMixedComments {
} // Trailing Comment
/* Block comment 1 */
// Another Trailing Comment
`;
