// Jest Snapshot v1, https://goo.gl/fbAQLP

exports[`AnnotatedTrueParamClass.cls - apex-verify: AnnotatedTrueParamClass.cls 1`] = `
@IsTest(SeeAllData=true) class AnnotedTrueParamClass
{}

~~~~~~~~~~~~~~~~~~~~~~~~~~~~~~~~~~~~~~~~~~~~~~~~~~~~~~~~~~~~~~~~~~~~~~~~~~~~~~~~
@IsTest(SeeAllData=true)
class AnnotedTrueParamClass {}

`;
