// Jest Snapshot v1, https://goo.gl/fbAQLP

exports[`ExpressionClass.cls - apex-verify: ExpressionClass.cls 1`] = `
class Conditional extends Object {
  void assignmentExpression() {
    Integer i = 0;
    Integer j = 1;
    if (i = j) {}
    if (i &= j) {}
    if (i |= j) {}
    if (i ^= j) {}
    if (i += j) {}
    if (i -= j) {}
    if (i *= j) {}
    if (i /= j) {}
    if (i <<= j) {}
    if (i >>= j) {}
    if (i >>>= j) {}
  }

  void ternaryExpression() {
    Integer a = 2;
    Integer b = 1;
    Integer c = a > b ? a : b;
    a < b ? System.debug('Hi') : System.debug('Hello');
  }

  void binaryExpression() {
    Integer i = 1;
    Integer j = 2;
    Integer a;

    a = i + j;
    a = i - j;
    a = i * j;
    a = i / j;
    a = i << j;
    a = i >> j;
    a = i >>> j;
    a = i ^ j;
    a = i & j;
    a = i | j;
  }

  void castExpression() {
    String a;

    Id b = (Id) a;
    Schema.SObjectType sobjectType = ((Id) a).getSObjectType();
  }

  void instanceOfExpression() {
    SObject o;
    Boolean b = o instanceof Account;
  }

  void booleanExpression() {
    Boolean a = true;
    Boolean b = false;
    Boolean c;

    c = a == b;
    c = a === b;
    c = a !== b;
    c = a != b;
    c = a <> b;
    c = a < b;
    c = a > b;
    c = a <= b;
    c = a >= b;
    c = a && b;
    c = a || b;
  }

  void triggerVariableExpr_inOtherSuite() {}

  void packageVersionExpression() {
    Package.Version.Request;
  }

  void prefixExpression() {
    Integer a = 1;
    Integer b;

    b = +a;
    b = -a;
    b = !a;
    b = ~a;
    b = ++a;
    b = --a;
  }

  void postfixExpression() {
    Integer a = 1;
    Integer b;

    b = a++;
    b = a--;
  }

  void arrayExpression() {
    Integer[] a = new Integer[]{1, 2, 3, 4};
    Integer b;
    Integer veryLongNumberThatMayExceedsTheLongestLineOwnItsOwnWithoutAnythingElseInTheWay = 1;

    b = a[0];
    b = a[a[0]];
    b = a[a[veryLongNumberThatMayExceedsTheLongestLineOwnItsOwnWithoutAnythingElseInTheWay]];
  }

  void variableExpression() {
    Integer a = 1;
    Integer b = 2;
    Integer c = a + b;
  }

  void methodCallExpression() {
    SomeObject o = new SomeObject();
    String result = o.callMethod().getStringResult();
    String longResult = o.callMethod('first param', 'second param', 'thirdParam').callAnotherMethod().getStringResult();
  }

  void javaMethodCallExpression_notNeeded() {}

  void javaVariableExpression_notNeeded() {}

  void superVariableExpression() {
    super.methodCall();
    super.methodCall(1, 2, 3);
  }

  void thisVariableExpression() {
    this.a = 'Hello World';
    System.debug(this.a + this.b);
  }

  void classRefExpression() {
    System.Type t = Integer.class;
  }

  void literalExpression() {
    String a = 'Hello';
    Integer b = 1;
    Long c = 2147483648L;
    Double d = 0.1d;
    Decimal e = 2.14;
    Boolean f = true;
    Boolean g = false;
    Object h = null;
  }

  void soqlExpression_inOtherSuite() {}

  void soslExpression_inOtherSuite() {}

  class InnerClass extends ExpressionClass {
    InnerClass() {
      // ThisMethodCallExpression
      this(1);
    }

    InnerClass(Integer i) {
      // SuperMethodCallExpression
      super(i);
    }
  }
}
~~~~~~~~~~~~~~~~~~~~~~~~~~~~~~~~~~~~~~~~~~~~~~~~~~~~~~~~~~~~~~~~~~~~~~~~~~~~~~~~
class Conditional extends Object {
  void assignmentExpression() {
    Integer i = 0;
    Integer j = 1;
    if (i = j) {}
    if (i &= j) {}
    if (i |= j) {}
    if (i ^= j) {}
    if (i += j) {}
    if (i -= j) {}
    if (i *= j) {}
    if (i /= j) {}
    if (i <<= j) {}
    if (i >>= j) {}
    if (i >>>= j) {}
  }

  void ternaryExpression() {
    Integer a = 2;
    Integer b = 1;
    Integer c = a > b ? a : b;
    a < b ? System.debug('Hi') : System.debug('Hello');
  }

  void binaryExpression() {
    Integer i = 1;
    Integer j = 2;
    Integer a;

    a = i + j;
    a = i - j;
    a = i * j;
    a = i / j;
    a = i << j;
    a = i >> j;
    a = i >>> j;
    a = i ^ j;
    a = i & j;
    a = i | j;
  }

  void castExpression() {
    String a;

    Id b = (Id) a;
    Schema.SObjectType sobjectType = ((Id) a).getSObjectType();
  }

  void instanceOfExpression() {
    SObject o;
    Boolean b = o instanceof Account;
  }

  void booleanExpression() {
    Boolean a = true;
    Boolean b = false;
    Boolean c;

    c = a == b;
    c = a === b;
    c = a !== b;
    c = a != b;
    c = a <> b;
    c = a < b;
    c = a > b;
    c = a <= b;
    c = a >= b;
    c = a && b;
    c = a || b;
  }

  void triggerVariableExpr_inOtherSuite() {}

  void packageVersionExpression() {
    Package.Version.Request;
  }

  void prefixExpression() {
    Integer a = 1;
    Integer b;

    b = +a;
    b = -a;
    b = !a;
    b = ~a;
    b = ++a;
    b = --a;
  }

  void postfixExpression() {
    Integer a = 1;
    Integer b;

    b = a++;
    b = a--;
  }

  void arrayExpression() {
    Integer[] a = new List<Integer>{1, 2, 3, 4};
    Integer b;
    Integer veryLongNumberThatMayExceedsTheLongestLineOwnItsOwnWithoutAnythingElseInTheWay = 1;

    b = a[0];
    b = a[a[0]];
    b = a[
      a[
        veryLongNumberThatMayExceedsTheLongestLineOwnItsOwnWithoutAnythingElseInTheWay
      ]
    ];
  }

  void variableExpression() {
    Integer a = 1;
    Integer b = 2;
    Integer c = a + b;
  }

  void methodCallExpression() {
    SomeObject o = new SomeObject();
    String result = o.callMethod().getStringResult();
    String longResult = o.callMethod(
      'first param',
      'second param',
      'thirdParam'
    ).callAnotherMethod().getStringResult();
  }

  void javaMethodCallExpression_notNeeded() {}

  void javaVariableExpression_notNeeded() {}

  void superVariableExpression() {
    super.methodCall();
    super.methodCall(1, 2, 3);
  }

  void thisVariableExpression() {
    this.a = 'Hello World';
    System.debug(this.a + this.b);
  }

  void classRefExpression() {
    System.Type t = Integer.class;
  }

  void literalExpression() {
    String a = 'Hello';
    Integer b = 1;
    Long c = 2147483648L;
    Double d = 0.1d;
    Decimal e = 2.14;
    Boolean f = true;
    Boolean g = false;
    Object h = null;
  }

  void soqlExpression_inOtherSuite() {}

  void soslExpression_inOtherSuite() {}

  class InnerClass extends ExpressionClass {
    InnerClass() {
      this(1);
    }

    InnerClass(Integer i) {
      super(i);
    }
}
}


`;
