// Jest Snapshot v1, https://goo.gl/fbAQLP

exports[`BlockMember.cls - apex-verify: BlockMember.cls 1`] = `
class BlockMember {
  String memberOne;
  String anotherMember = 'Hello';
  private transient String anotherMemberTwo;
  static string anotherMemberThree;
  String memberWithGetSet { get; set; }
  String memberWithGetPrivateSet {
    get {
      return 1;
    }
    private set;
  }
  String memberWithSet {
    set {
      memberThree = value;
    }
  }

  void method() {
    System.debug('method');
  }

  class StatementBlockMember {
    {
      System.debug('Statement Block Member');
    }
  }
  class StaticStatementBlockMember {
    static {
      System.debug('Static Statement Block Member');
    }
  }
  interface InnerInterface {
    void interfaceMethod();
  }
  enum TestEnum { ONE, TWO }
}

~~~~~~~~~~~~~~~~~~~~~~~~~~~~~~~~~~~~~~~~~~~~~~~~~~~~~~~~~~~~~~~~~~~~~~~~~~~~~~~~
class BlockMember {
  String memberOne;

  String anotherMember = 'Hello';

  String anotherMemberTwo;

  string anotherMemberThree;

  void method() {
    System.debug('method');
  }

  class StatementBlockMember {
    System.debug('Statement Block Member');
}

  class StaticStatementBlockMember {}

  enum TestEnum {ONE, TWO}
}

`;
