// Jest Snapshot v1, https://goo.gl/fbAQLP

exports[`SimpleMethod.cls - apex-verify: SimpleMethod.cls 1`] = `
public class SimpleMethod implements FirstSampleInterface, SecondSampleInterface {
  public String sayHello() {
    return this.sayHello('Hello', 'World');
  }

  public String sayHello(String subject) {
    return sayHello('Hello', subject);
  }

  public String sayHelloWithDate() {
    SimpleMethod that = new SimpleMethod();
    DateTime rightNow = that.getNow(), tomorrow, yesterday = DateTime.now().addDays(-1);
    return 'Hello at ' + now.format();
  }

  private String sayHello(String action, String subject) {
    return action + ' ' + subject;
  }

  void doNothing() {
    return;
  }

  private DateTime getNow() {
    return DateTime.now();
  }

  void simpleBooleanExpressions() {
    Boolean b = true;
    Boolean a = true || ((true && b) && (true || false));
  }

  void longMethodCall() {
    VeryLongOuterClassNameExtension.InnerWrapperClassName innerClass = new VeryLongOuterClassNameExtension.InnerWrapperClassName();
    controller.addFields(
      new String[]{'Very_Long_SObject_Chain__r.An_Inner_SObject__r.Name'}
    );
    controller.addFields(
      new String[]{'Very_Long_SObject_Chain__r.An_Inner_SObject__r.Name', 'Another_Long_SObject_Chain__r.Name'}
    );
  }

  @InvocableMethod(label='Insert Accounts' description='Inserts the accounts specified and returns the IDs of the new accounts.')
  public static List<ID> insertAccounts(List<Account> accounts) {
    return null;
  }
}
~~~~~~~~~~~~~~~~~~~~~~~~~~~~~~~~~~~~~~~~~~~~~~~~~~~~~~~~~~~~~~~~~~~~~~~~~~~~~~~~
public class SimpleMethod implements FirstSampleInterface, SecondSampleInterface {
  public String sayHello() {
    return this.sayHello('Hello', 'World');
  }

  public String sayHello(String subject) {
    return sayHello('Hello', subject);
  }

  public String sayHelloWithDate() {
    SimpleMethod that = new SimpleMethod();
    DateTime rightNow = that.getNow(),
      tomorrow,
      yesterday = DateTime.now().addDays(-1);
    return 'Hello at ' + now.format();
  }

  private String sayHello(String action, String subject) {
    return action + ' ' + subject;
  }

  void doNothing() {
    return;
  }

  private DateTime getNow() {
    return DateTime.now();
  }

  void simpleBooleanExpressions() {
    Boolean b = true;
    Boolean a = true || ((true && b) && (true || false));
  }

  void longMethodCall() {
    VeryLongOuterClassNameExtension.InnerWrapperClassName innerClass = new VeryLongOuterClassNameExtension.InnerWrapperClassName();
    controller.addFields(
      new String[]{'Very_Long_SObject_Chain__r.An_Inner_SObject__r.Name'}
    );
    controller.addFields(
      new String[]{
        'Very_Long_SObject_Chain__r.An_Inner_SObject__r.Name',
        'Another_Long_SObject_Chain__r.Name'
      }
    );
  }

  @InvocableMethod(label='Insert Accounts' description='Inserts the accounts specified and returns the IDs of the new accounts.')
  public static List<ID> insertAccounts(List<Account> accounts) {
    return null;
  }
}

`;
