// Jest Snapshot v1, https://goo.gl/fbAQLP

exports[`Format apex: Literal.cls: Literal.cls 1`] = `
class Literal {
  void nullExpression() {
    return null;
    return NULL;
    return Null;
  }
  void stringLiteral() {
    return 'a';
    return '"non-escaped quotes"';
  }
  void integerLiteral() {
    return 1;
  }
  void longLiteral() {
    return 2147483648L;
    return 2147483640L;
    return 2312321321L ;
  }
  void decimalLiteral() {
    return 1.01D;
    return 1.0D;
    return 1.00D;
    return 1.30D;
    return 1.30D ;
  }
  void doubleLiteral() {
    return 1.1;
    return 1.0;
    return 1.00;
    return 1.30;
  }
  void trueLiteral() {
    return true;
    return TRUE;
    return True;
  }
  void falseLiteral() {
    return false;
    return FALSE;
    return False;
  }
  void queryNumber() {
    a = [
      SELECT COUNT()
      FROM Allocation__c
      WHERE Percent__c = 15.0
    ];
  }
  void queryEscapedString() {
    return [SELECT Name FROM Account WHERE Name LIKE '\\_'];
    return [SELECT Name FROM Account WHERE Name LIKE '\\%'];
    return [SELECT Name FROM Account WHERE Name LIKE '\\n'];
    return [SELECT Name FROM Account WHERE Name LIKE '\\r\\n'];
    return [SELECT Name FROM Account WHERE Name LIKE '\\\\Hi'];
    return [SELECT Name FROM Account WHERE Name = '_'];
    return [SELECT Name FROM Account WHERE Name = '%'];
    return [SELECT Name FROM Account WHERE Name = '\\n'];
    return [SELECT Name FROM Account WHERE Name = '\\r\\n'];
    return [SELECT Name FROM Account WHERE Name = '\\\\Hi'];
  }
}
~~~~~~~~~~~~~~~~~~~~~~~~~~~~~~~~~~~~~~~~~~~~~~~~~~~~~~~~~~~~~~~~~~~~~~~~~~~~~~~~
class Literal {
  void nullExpression() {
    return null;
    return null;
    return null;
  }
  void stringLiteral() {
    return 'a';
    return '"non-escaped quotes"';
  }
  void integerLiteral() {
    return 1;
  }
  void longLiteral() {
    return 2147483648L;
    return 2147483640L;
    return 2312321321L;
  }
  void decimalLiteral() {
    return 1.01d;
    return 1.0d;
    return 1.00d;
    return 1.30d;
    return 1.30d;
  }
  void doubleLiteral() {
    return 1.1;
    return 1.0;
    return 1.00;
    return 1.30;
  }
  void trueLiteral() {
    return true;
    return true;
    return true;
  }
  void falseLiteral() {
    return false;
    return false;
    return false;
  }
  void queryNumber() {
    a = [SELECT COUNT() FROM Allocation__c WHERE Percent__c = 15.0];
  }
  void queryEscapedString() {
    return [SELECT Name FROM Account WHERE Name LIKE '\\_'];
    return [SELECT Name FROM Account WHERE Name LIKE '\\%'];
    return [SELECT Name FROM Account WHERE Name LIKE '\\n'];
    return [SELECT Name FROM Account WHERE Name LIKE '\\r\\n'];
    return [SELECT Name FROM Account WHERE Name LIKE '\\\\Hi'];
    return [SELECT Name FROM Account WHERE Name = '_'];
    return [SELECT Name FROM Account WHERE Name = '%'];
    return [SELECT Name FROM Account WHERE Name = '\\n'];
    return [SELECT Name FROM Account WHERE Name = '\\r\\n'];
    return [SELECT Name FROM Account WHERE Name = '\\\\Hi'];
  }
}

`;
