// Jest Snapshot v1, https://goo.gl/fbAQLP

exports[`Literal.cls - apex-verify: Literal.cls 1`] = `
class Literal {
  void nullExpression() {
    return null;
    return NULL;
    return Null;
  }
  void stringLiteral() {
    return 'a';
  }
  void integerLiteral() {
    return 1;
  }
  void longLiteral() {
    return 2147483648L;
    return 2147483640L;
  }
  void decimalLiteral() {
    return 1.01D;
    return 1.0D;
    return 1.00D;
    return 1.30D;
  }
  void doubleLiteral() {
    return 1.1;
    return 1.0;
    return 1.00;
    return 1.30;
  }
  void trueLiteral() {
    return true;
    return TRUE;
    return True;
  }
  void falseLiteral() {
    return false;
    return FALSE;
    return False;
  }
}
~~~~~~~~~~~~~~~~~~~~~~~~~~~~~~~~~~~~~~~~~~~~~~~~~~~~~~~~~~~~~~~~~~~~~~~~~~~~~~~~
class Literal {
    void nullExpression() {
        return null;
        return null;
        return null;
    }
    void stringLiteral() {
        return 'a';
    }
    void integerLiteral() {
        return 1;
    }
    void longLiteral() {
        return 2147483648L;
        return 2147483640L;
    }
    void decimalLiteral() {
        return 1.01d;
        return 1.0d;
        return 1.0d;
        return 1.3d;
    }
    void doubleLiteral() {
        return 1.1;
        return 1.0;
        return 1.0;
        return 1.3;
    }
    void trueLiteral() {
        return true;
        return true;
        return true;
    }
    void falseLiteral() {
        return false;
        return false;
        return false;
    }
}

`;
