// Jest Snapshot v1, https://goo.gl/fbAQLP

exports[`CommentsBeforeClassDeclaration.cls - apex-verify: CommentsBeforeClassDeclaration.cls 1`] = `
// First Test Comment

/**
* First ApexDoc
*/
class CommentsBeforeClassDeclaration {
  public CommentsBeforeClassDeclaration() {
    System.debug('SOMETHING');
  }
}
~~~~~~~~~~~~~~~~~~~~~~~~~~~~~~~~~~~~~~~~~~~~~~~~~~~~~~~~~~~~~~~~~~~~~~~~~~~~~~~~
// First Test Comment

/**
 * First ApexDoc
 */
class CommentsBeforeClassDeclaration {
  public CommentsBeforeClassDeclaration() {
    System.debug('SOMETHING');
  }
}

`;
