// Jest Snapshot v1, https://goo.gl/fbAQLP

exports[`AnnotatedFalseParamClass.cls - apex-verify: AnnotatedFalseParamClass.cls 1`] = `
@IsTest(SeeAllData=false) class AnnotatedFalseParamClass
{}

~~~~~~~~~~~~~~~~~~~~~~~~~~~~~~~~~~~~~~~~~~~~~~~~~~~~~~~~~~~~~~~~~~~~~~~~~~~~~~~~
@IsTest(SeeAllData=false)
class AnnotatedFalseParamClass {
}

`;
