// Jest Snapshot v1, https://goo.gl/fbAQLP

exports[`CommentsBeforeTriggerDeclaration.cls - apex-verify: CommentsBeforeTriggerDeclaration.cls 1`] = `
// First Test Comment

/**
* First ApexDoc
*/
trigger Case_trg on Case(before update) {
  System.debug('SOMETHING');
}
~~~~~~~~~~~~~~~~~~~~~~~~~~~~~~~~~~~~~~~~~~~~~~~~~~~~~~~~~~~~~~~~~~~~~~~~~~~~~~~~
// First Test Comment

/**
 * First ApexDoc
 */
trigger Case_trg on Case(
  before update) {
  System.debug('SOMETHING');
}

`;
